---
source: crates/slidx_render/tests/themes.rs
expression: "declarations(&slide_for(&theme.id, \"full\"))"
---
- "--slidx-color-accent: #016236"
- "--slidx-color-accent: #61db94"
- "--slidx-color-border: #333a35"
- "--slidx-color-border: #bfc6c1"
- "--slidx-color-canvas: #020503"
- "--slidx-color-canvas: #dbe2dd"
- "--slidx-color-code-comment: #304c3a"
- "--slidx-color-code-comment: #b2d1bb"
- "--slidx-color-code-keyword: #1c4580"
- "--slidx-color-code-keyword: #a8cbff"
- "--slidx-color-code-number: #673b00"
- "--slidx-color-code-number: #fcbc7c"
- "--slidx-color-code-punctuation: #424743"
- "--slidx-color-code-punctuation: #c3ccc6"
- "--slidx-color-code-string: #005222"
- "--slidx-color-code-string: #8fd99e"
- "--slidx-color-code-surface: #191f1a"
- "--slidx-color-code-surface: #e3eae5"
- "--slidx-color-code-text: #1c211d"
- "--slidx-color-code-text: #e5eee8"
- "--slidx-color-code-type: #6a3066"
- "--slidx-color-code-type: #f7b3ef"
- "--slidx-color-heading: #0e1310"
- "--slidx-color-heading: #fefffe"
- "--slidx-color-muted: #787e7a"
- "--slidx-color-muted: #939b95"
- "--slidx-color-surface: #0d130f"
- "--slidx-color-surface: #f4faf6"
- "--slidx-color-text: #1c211d"
- "--slidx-color-text: #e5eee8"
- "--slidx-font-mono: ui-monospace, SFMono-Regular, 'SF Mono', Menlo, Consolas, 'Roboto Mono', 'Noto Sans Mono CJK JP', monospace"
- "--slidx-font-sans: ui-monospace, SFMono-Regular, 'SF Mono', Menlo, Consolas, 'Roboto Mono', 'Noto Sans Mono CJK JP', monospace"
- "--slidx-hairline: 1px"
- "--slidx-radius: 0px"
- "--slidx-size-body: 2.9630cqh"
- "--slidx-size-caption: 2.4691cqh"
- "--slidx-size-code: 2.9630cqh"
- "--slidx-size-heading-1: 5.1200cqh"
- "--slidx-size-heading-2: 4.2667cqh"
- "--slidx-size-heading-3: 3.5556cqh"
- "--slidx-space-block: 2.2222cqh"
- "--slidx-space-padding: 7.4074cqh"
- "grid-template-areas: \"body\""
- "grid-template-areas: \"left right\""
- "grid-template-areas: \"main side\""
- "grid-template-areas: \"title\" \"body\""
- "grid-template-areas: \"top-left top-right\" \"bottom-left bottom-right\""
