---
source: crates/slidx_render/tests/themes.rs
expression: declarations(dark)
---
- "--slidx-color-accent: #a6caff"
- "--slidx-color-border: #3e4349"
- "--slidx-color-canvas: #070a0f"
- "--slidx-color-code-comment: #bdd0ec"
- "--slidx-color-code-keyword: #b1d0ff"
- "--slidx-color-code-number: #ffc286"
- "--slidx-color-code-punctuation: #cacfd6"
- "--slidx-color-code-string: #95dfa4"
- "--slidx-color-code-surface: #23272c"
- "--slidx-color-code-text: #eaeff7"
- "--slidx-color-code-type: #fcb8f5"
- "--slidx-color-heading: #ffffff"
- "--slidx-color-muted: #999ea5"
- "--slidx-color-surface: #171b20"
- "--slidx-color-text: #eaeff7"
- "grid-template-areas: \"body\""
- "grid-template-areas: \"left right\""
- "grid-template-areas: \"main side\""
- "grid-template-areas: \"title\" \"body\""
- "grid-template-areas: \"top-left top-right\" \"bottom-left bottom-right\""
