---
source: crates/slidx_render/tests/themes.rs
expression: "declarations(&slide_for(&theme.id, \"full\"))"
---
- "--slidx-color-accent: #016236"
- "--slidx-color-accent: #69e29a"
- "--slidx-color-border: #454c47"
- "--slidx-color-border: #bfc6c1"
- "--slidx-color-canvas: #0c120e"
- "--slidx-color-canvas: #dbe2dd"
- "--slidx-color-code-comment: #304c3a"
- "--slidx-color-code-comment: #bbdbc5"
- "--slidx-color-code-keyword: #1c4580"
- "--slidx-color-code-keyword: #b8d5ff"
- "--slidx-color-code-number: #673b00"
- "--slidx-color-code-number: #ffca96"
- "--slidx-color-code-punctuation: #424743"
- "--slidx-color-code-punctuation: #cdd5cf"
- "--slidx-color-code-string: #005222"
- "--slidx-color-code-string: #99e4a9"
- "--slidx-color-code-surface: #29302b"
- "--slidx-color-code-surface: #e3eae5"
- "--slidx-color-code-text: #1c211d"
- "--slidx-color-code-text: #e5eee8"
- "--slidx-color-code-type: #6a3066"
- "--slidx-color-code-type: #ffc0f9"
- "--slidx-color-heading: #0e1310"
- "--slidx-color-heading: #fefffe"
- "--slidx-color-muted: #787e7a"
- "--slidx-color-muted: #9ba39d"
- "--slidx-color-surface: #1d231f"
- "--slidx-color-surface: #f4faf6"
- "--slidx-color-text: #1c211d"
- "--slidx-color-text: #e5eee8"
- "--slidx-font-mono: ui-monospace, SFMono-Regular, 'SF Mono', Menlo, Consolas, 'Roboto Mono', 'Noto Sans Mono CJK JP', monospace"
- "--slidx-font-sans: ui-monospace, SFMono-Regular, 'SF Mono', Menlo, Consolas, 'Roboto Mono', 'Noto Sans Mono CJK JP', monospace"
- "--slidx-hairline: 1px"
- "--slidx-leading-body: 1.500"
- "--slidx-leading-body: 1.700"
- "--slidx-leading-caption: 1.595"
- "--slidx-leading-caption: 1.795"
- "--slidx-leading-code: 1.500"
- "--slidx-leading-code: 1.700"
- "--slidx-leading-heading-1: 1.216"
- "--slidx-leading-heading-1: 1.416"
- "--slidx-leading-heading-2: 1.310"
- "--slidx-leading-heading-2: 1.510"
- "--slidx-leading-heading-3: 1.405"
- "--slidx-leading-heading-3: 1.605"
- "--slidx-measure-heading: 13.0em"
- "--slidx-measure-prose: 30.0em"
- "--slidx-radius: 0px"
- "--slidx-size-body: 2.9630cqh"
- "--slidx-size-caption: 2.4691cqh"
- "--slidx-size-code: 2.9630cqh"
- "--slidx-size-heading-1: 5.1200cqh"
- "--slidx-size-heading-2: 4.2667cqh"
- "--slidx-size-heading-3: 3.5556cqh"
- "--slidx-space-block: 2.2222cqh"
- "--slidx-space-padding: 7.4074cqh"
- "--slidx-tracking-body: normal"
- "--slidx-tracking-caption: 0.0040em"
- "--slidx-tracking-caption: normal"
- "--slidx-tracking-code: normal"
- "--slidx-tracking-heading-1: -0.0120em"
- "--slidx-tracking-heading-1: normal"
- "--slidx-tracking-heading-2: -0.0080em"
- "--slidx-tracking-heading-2: normal"
- "--slidx-tracking-heading-3: -0.0040em"
- "--slidx-tracking-heading-3: normal"
- "grid-template-areas: \"body\""
- "grid-template-areas: \"left right\""
- "grid-template-areas: \"main side\""
- "grid-template-areas: \"title\" \"body\""
- "grid-template-areas: \"top-left top-right\" \"bottom-left bottom-right\""
