---
source: crates/slidx_render/tests/themes.rs
expression: "declarations(&slide_for(&theme.id, \"full\"))"
---
- "--slidx-color-accent: #844100"
- "--slidx-color-accent: #ffc7a2"
- "--slidx-color-border: #60564f"
- "--slidx-color-border: #cec1b9"
- "--slidx-color-canvas: #221a14"
- "--slidx-color-canvas: #eaddd4"
- "--slidx-color-code-comment: #593f2e"
- "--slidx-color-code-comment: #f7d7c2"
- "--slidx-color-code-keyword: #1b447f"
- "--slidx-color-code-keyword: #c8deff"
- "--slidx-color-code-number: #673b00"
- "--slidx-color-code-number: #ffd5ae"
- "--slidx-color-code-punctuation: #4e433c"
- "--slidx-color-code-punctuation: #e7dbd4"
- "--slidx-color-code-string: #005122"
- "--slidx-color-code-string: #a3eeb2"
- "--slidx-color-code-surface: #423832"
- "--slidx-color-code-surface: #f2e5dd"
- "--slidx-color-code-text: #291f19"
- "--slidx-color-code-text: #f8ece4"
- "--slidx-color-code-type: #692f65"
- "--slidx-color-code-type: #ffcefa"
- "--slidx-color-heading: #1a120c"
- "--slidx-color-heading: #ffffff"
- "--slidx-color-muted: #867a73"
- "--slidx-color-muted: #b0a59d"
- "--slidx-color-surface: #352c26"
- "--slidx-color-surface: #fff6f1"
- "--slidx-color-text: #291f19"
- "--slidx-color-text: #f8ece4"
- "--slidx-font-mono: ui-monospace, SFMono-Regular, 'SF Mono', Menlo, Consolas, 'Roboto Mono', 'Noto Sans Mono CJK JP', monospace"
- "--slidx-font-sans: system-ui, -apple-system, 'Segoe UI', 'Helvetica Neue', 'Hiragino Sans', 'Noto Sans JP', 'Yu Gothic UI', sans-serif"
- "--slidx-hairline: 1px"
- "--slidx-leading-body: 1.600"
- "--slidx-leading-body: 1.800"
- "--slidx-leading-caption: 1.749"
- "--slidx-leading-caption: 1.949"
- "--slidx-leading-code: 1.627"
- "--slidx-leading-code: 1.827"
- "--slidx-leading-heading-1: 1.152"
- "--slidx-leading-heading-1: 1.352"
- "--slidx-leading-heading-2: 1.301"
- "--slidx-leading-heading-2: 1.501"
- "--slidx-leading-heading-3: 1.451"
- "--slidx-leading-heading-3: 1.651"
- "--slidx-measure-heading: 13.0em"
- "--slidx-measure-prose: 30.0em"
- "--slidx-radius: 0px"
- "--slidx-size-body: 3.1481cqh"
- "--slidx-size-caption: 2.3617cqh"
- "--slidx-size-code: 2.9907cqh"
- "--slidx-size-heading-1: 7.4567cqh"
- "--slidx-size-heading-2: 5.5939cqh"
- "--slidx-size-heading-3: 4.1965cqh"
- "--slidx-space-block: 2.9630cqh"
- "--slidx-space-padding: 10.3704cqh"
- "--slidx-tracking-body: normal"
- "--slidx-tracking-caption: 0.0063em"
- "--slidx-tracking-caption: normal"
- "--slidx-tracking-code: 0.0011em"
- "--slidx-tracking-code: normal"
- "--slidx-tracking-heading-1: -0.0190em"
- "--slidx-tracking-heading-1: normal"
- "--slidx-tracking-heading-2: -0.0126em"
- "--slidx-tracking-heading-2: normal"
- "--slidx-tracking-heading-3: -0.0063em"
- "--slidx-tracking-heading-3: normal"
- "grid-template-areas: \"body\""
- "grid-template-areas: \"left right\""
- "grid-template-areas: \"main side\""
- "grid-template-areas: \"title\" \"body\""
- "grid-template-areas: \"top-left top-right\" \"bottom-left bottom-right\""
