---
source: crates/slidx_render/tests/themes.rs
expression: declarations(dark)
---
- "--slidx-color-accent: #61db94"
- "--slidx-color-border: #333a35"
- "--slidx-color-canvas: #020503"
- "--slidx-color-code-comment: #b2d1bb"
- "--slidx-color-code-keyword: #a8cbff"
- "--slidx-color-code-number: #fcbc7c"
- "--slidx-color-code-punctuation: #c3ccc6"
- "--slidx-color-code-string: #8fd99e"
- "--slidx-color-code-surface: #191f1a"
- "--slidx-color-code-text: #e5eee8"
- "--slidx-color-code-type: #f7b3ef"
- "--slidx-color-heading: #fefffe"
- "--slidx-color-muted: #939b95"
- "--slidx-color-surface: #0d130f"
- "--slidx-color-text: #e5eee8"
- "grid-template-areas: \"body\""
- "grid-template-areas: \"left right\""
- "grid-template-areas: \"main side\""
- "grid-template-areas: \"title\" \"body\""
- "grid-template-areas: \"top-left top-right\" \"bottom-left bottom-right\""
