---
source: crates/slidx_render/tests/themes.rs
expression: declarations(dark)
---
- "--slidx-color-accent: #90c7ff"
- "--slidx-color-border: #333333"
- "--slidx-color-canvas: #020202"
- "--slidx-color-code-comment: #b1cae3"
- "--slidx-color-code-keyword: #a4c9ff"
- "--slidx-color-code-number: #fab979"
- "--slidx-color-code-punctuation: #c6c6c6"
- "--slidx-color-code-string: #8dd79d"
- "--slidx-color-code-surface: #181818"
- "--slidx-color-code-text: #ffffff"
- "--slidx-color-code-type: #f4b0ed"
- "--slidx-color-heading: #ffffff"
- "--slidx-color-muted: #989898"
- "--slidx-color-surface: #0d0d0d"
- "--slidx-color-text: #ffffff"
- "grid-template-areas: \"body\""
- "grid-template-areas: \"left right\""
- "grid-template-areas: \"main side\""
- "grid-template-areas: \"title\" \"body\""
- "grid-template-areas: \"top-left top-right\" \"bottom-left bottom-right\""
