---
source: crates/slidx_render/tests/themes.rs
expression: declarations(dark)
---
- "--slidx-color-accent: #69e29a"
- "--slidx-color-border: #454c47"
- "--slidx-color-canvas: #0c120e"
- "--slidx-color-code-comment: #bbdbc5"
- "--slidx-color-code-keyword: #b8d5ff"
- "--slidx-color-code-number: #ffca96"
- "--slidx-color-code-punctuation: #cdd5cf"
- "--slidx-color-code-string: #99e4a9"
- "--slidx-color-code-surface: #29302b"
- "--slidx-color-code-text: #e5eee8"
- "--slidx-color-code-type: #ffc0f9"
- "--slidx-color-heading: #fefffe"
- "--slidx-color-muted: #9ba39d"
- "--slidx-color-surface: #1d231f"
- "--slidx-color-text: #e5eee8"
- "grid-template-areas: \"body\""
- "grid-template-areas: \"left right\""
- "grid-template-areas: \"main side\""
- "grid-template-areas: \"title\" \"body\""
- "grid-template-areas: \"top-left top-right\" \"bottom-left bottom-right\""
